$ node --version
v10.12.0
$ npm --version
6.4.1
$ nvm --version
0.33.11
$ yarn --version
1.3.2
before_install
0.00s$ if [ "$NODEJS_VERSION" != "" ];
  then
    mkdir /opt/node
    curl --silent "https://nodejs.org/download/nightly/$NODEJS_VERSION/node-$NODEJS_VERSION-linux-x64.tar.gz" | tar -zxf - --directory /opt/node
    export PATH="/opt/node/node-$NODEJS_VERSION-linux-x64/bin:$PATH"
    node --version
  fi
  
install.1
6.23s$ yarn --frozen-lockfile $YARN_EXTRA_ARGS
yarn install v1.3.2
(node:3886) [DEP0005] DeprecationWarning: Buffer() is deprecated due to security and usability issues. Please use the Buffer.alloc(), Buffer.allocUnsafe(), or Buffer.from() methods instead.
[1/5] Validating package.json...
[2/5] Resolving packages...
[3/5] Fetching packages...
info fsevents@1.2.2: The platform "linux" is incompatible with this module.
info "fsevents@1.2.2" is an optional dependency and failed compatibility check. Excluding it from installation.
info fsevents@1.2.4: The platform "linux" is incompatible with this module.
info "fsevents@1.2.4" is an optional dependency and failed compatibility check. Excluding it from installation.
[4/5] Linking dependencies...
warning " > schema-utils@0.4.5" has unmet peer dependency "webpack@^2.0.0 || ^3.0.0 || ^4.0.0".
warning " > terser-webpack-plugin@1.1.0" has unmet peer dependency "webpack@^4.3.0".
warning " > file-loader@1.1.11" has unmet peer dependency "webpack@^2.0.0 || ^3.0.0 || ^4.0.0".
warning "jest > jest-cli > jest-environment-jsdom > jsdom > request-promise-native@1.0.5" has unmet peer dependency "request@^2.34".
warning " > less-loader@4.1.0" has unmet peer dependency "webpack@^2.0.0 || ^3.0.0 || ^4.0.0".
warning " > worker-loader@2.0.0" has unmet peer dependency "webpack@^3.0.0 || ^4.0.0-alpha.0 || ^4.0.0".
[5/5] Building fresh packages...
Done in 5.88s.
install.2
0.41s$ yarn link --frozen-lockfile $YARN_EXTRA_ARGS || true
yarn link v1.3.2
(node:3921) [DEP0005] DeprecationWarning: Buffer() is deprecated due to security and usability issues. Please use the Buffer.alloc(), Buffer.allocUnsafe(), or Buffer.from() methods instead.
success Registered "webpack".
info You can now run `yarn link "webpack"` in the projects where you want to use this module and it will be used instead.
Done in 0.08s.
install.3
0.41s$ yarn link webpack --frozen-lockfile $YARN_EXTRA_ARGS
yarn link v1.3.2
(node:3947) [DEP0005] DeprecationWarning: Buffer() is deprecated due to security and usability issues. Please use the Buffer.alloc(), Buffer.allocUnsafe(), or Buffer.from() methods instead.
success Using linked module for "webpack".
Done in 0.08s.
26.69s$ yarn travis:$JOB_PART
yarn run v1.3.2
(node:3973) [DEP0005] DeprecationWarning: Buffer() is deprecated due to security and usability issues. Please use the Buffer.alloc(), Buffer.allocUnsafe(), or Buffer.from() methods instead.
$ yarn test:basic --ci $JEST
(node:3995) [DEP0005] DeprecationWarning: Buffer() is deprecated due to security and usability issues. Please use the Buffer.alloc(), Buffer.allocUnsafe(), or Buffer.from() methods instead.
$ node --max-old-space-size=4096 --trace-deprecation node_modules/jest-cli/bin/jest --testMatch "<rootDir>/test/{TestCasesNormal,StatsTestCases,ConfigTestCases}.test.js" --ci --maxWorkers=2 --cacheDirectory .jest-cache
(node:4045) DeprecationWarning: Compilation.chunks was changed from Array to Set (using Array method 'reduce' is deprecated)
    at Set.set.(anonymous function) [as reduce] (/home/travis/build/webpack/webpack/lib/util/deprecation.js:72:4)
    at TerserPlugin.optimizeFn (/home/travis/build/webpack/webpack/node_modules/terser-webpack-plugin/dist/index.js:164:14)
    at AsyncSeriesHook.eval [as callAsync] (eval at create (/home/travis/build/webpack/webpack/node_modules/tapable/lib/HookCodeFactory.js:32:10), <anonymous>:7:1)
    at AsyncSeriesHook.lazyCompileHook (/home/travis/build/webpack/webpack/node_modules/tapable/lib/Hook.js:154:20)
    at hooks.additionalAssets.callAsync.err (/home/travis/build/webpack/webpack/lib/Compilation.js:1171:37)
    at AsyncSeriesHook.eval [as callAsync] (eval at create (/home/travis/build/webpack/webpack/node_modules/tapable/lib/HookCodeFactory.js:32:10), <anonymous>:6:1)
    at AsyncSeriesHook.lazyCompileHook (/home/travis/build/webpack/webpack/node_modules/tapable/lib/Hook.js:154:20)
    at cont (/home/travis/build/webpack/webpack/lib/Compilation.js:1167:33)
    at createChunkAssets.err (/home/travis/build/webpack/webpack/lib/Compilation.js:1197:6)
    at done (/home/travis/build/webpack/webpack/node_modules/neo-async/async.js:2854:11)
PASS test/ConfigTestCases.test.js (17.744s)
(node:4045) DeprecationWarning: Compilation.chunks was changed from Array to Set (using Array method 'reduce' is deprecated)
    at Set.set.(anonymous function) [as reduce] (/home/travis/build/webpack/webpack/lib/util/deprecation.js:72:4)
    at TerserPlugin.optimizeFn (/home/travis/build/webpack/webpack/node_modules/terser-webpack-plugin/dist/index.js:164:14)
    at AsyncSeriesHook.eval [as callAsync] (eval at create (/home/travis/build/webpack/webpack/node_modules/tapable/lib/HookCodeFactory.js:32:10), <anonymous>:7:1)
    at AsyncSeriesHook.lazyCompileHook (/home/travis/build/webpack/webpack/node_modules/tapable/lib/Hook.js:154:20)
    at hooks.additionalAssets.callAsync.err (/home/travis/build/webpack/webpack/lib/Compilation.js:1171:37)
    at AsyncSeriesHook.eval [as callAsync] (eval at create (/home/travis/build/webpack/webpack/node_modules/tapable/lib/HookCodeFactory.js:32:10), <anonymous>:6:1)
    at AsyncSeriesHook.lazyCompileHook (/home/travis/build/webpack/webpack/node_modules/tapable/lib/Hook.js:154:20)
    at cont (/home/travis/build/webpack/webpack/lib/Compilation.js:1167:33)
    at createChunkAssets.err (/home/travis/build/webpack/webpack/lib/Compilation.js:1197:6)
    at done (/home/travis/build/webpack/webpack/node_modules/neo-async/async.js:2854:11)
FAIL test/TestCasesNormal.test.js (21.224s)
  ● Some random test
	Some random stack trace lines
		at more stack trace lines
		at more stack trace lines
  ● Console
    console.warn lib/cache/FileCachePlugin.js:81
      Caching failed for /module//home/travis/build/webpack/webpack/test/cases/compile/error-hide-stack/loader.js!: Error: No serializer registered for ModuleBuildError
    console.warn lib/cache/FileCachePlugin.js:81
      Caching failed for /module//home/travis/build/webpack/webpack/test/cases/compile/error-hide-stack/loader.js!: Error: No serializer registered for ModuleBuildError
    console.warn lib/cache/FileCachePlugin.js:81
      Caching failed for /module//home/travis/build/webpack/webpack/test/cases/errors/loader-error-warning/error-loader.js?abc!/home/travis/build/webpack/webpack/test/cases/errors/loader-error-warning/a.js: Error: No serializer registered for ModuleError
    console.warn lib/cache/FileCachePlugin.js:81
      Caching failed for /module//home/travis/build/webpack/webpack/test/cases/errors/loader-error-warning/error-loader.js?def!/home/travis/build/webpack/webpack/test/cases/errors/loader-error-warning/a.js: Error: No serializer registered for ModuleError
    console.warn lib/cache/FileCachePlugin.js:81
      Caching failed for /module//home/travis/build/webpack/webpack/test/cases/errors/loader-error-warning/warning-loader.js?xyz!/home/travis/build/webpack/webpack/test/cases/errors/loader-error-warning/a.js: Error: No serializer registered for ModuleWarning
    console.warn lib/cache/FileCachePlugin.js:81
      Caching failed for /module//home/travis/build/webpack/webpack/test/cases/errors/loader-error-warning/error-loader.js?abc!/home/travis/build/webpack/webpack/test/cases/errors/loader-error-warning/a.js: Error: No serializer registered for ModuleError
    console.warn lib/cache/FileCachePlugin.js:81
      Caching failed for /module//home/travis/build/webpack/webpack/test/cases/errors/loader-error-warning/error-loader.js?def!/home/travis/build/webpack/webpack/test/cases/errors/loader-error-warning/a.js: Error: No serializer registered for ModuleError
    console.warn lib/cache/FileCachePlugin.js:81
      Caching failed for /module//home/travis/build/webpack/webpack/test/cases/errors/loader-error-warning/warning-loader.js?xyz!/home/travis/build/webpack/webpack/test/cases/errors/loader-error-warning/a.js: Error: No serializer registered for ModuleWarning
    console.warn lib/cache/FileCachePlugin.js:81
      Caching failed for /module//home/travis/build/webpack/webpack/test/cases/loaders/no-string/loader.js!/home/travis/build/webpack/webpack/test/cases/loaders/no-string/file.js: Error: No serializer registered for ModuleBuildError
    console.warn lib/cache/FileCachePlugin.js:81
      Caching failed for /module//home/travis/build/webpack/webpack/test/cases/loaders/no-string/loader.js!/home/travis/build/webpack/webpack/test/cases/loaders/no-string/pitch-loader.js!/home/travis/build/webpack/webpack/test/cases/loaders/no-string/file.js: Error: No serializer registered for ModuleBuildError
    console.warn lib/cache/FileCachePlugin.js:81
      Caching failed for /module//home/travis/build/webpack/webpack/test/cases/loaders/no-string/loader.js!/home/travis/build/webpack/webpack/test/cases/loaders/no-string/file.js: Error: No serializer registered for ModuleBuildError
    console.warn lib/cache/FileCachePlugin.js:81
      Caching failed for /module//home/travis/build/webpack/webpack/test/cases/loaders/no-string/loader.js!/home/travis/build/webpack/webpack/test/cases/loaders/no-string/pitch-loader.js!/home/travis/build/webpack/webpack/test/cases/loaders/no-string/file.js: Error: No serializer registered for ModuleBuildError
    console.warn lib/cache/FileCachePlugin.js:81
      Caching failed for /module//home/travis/build/webpack/webpack/test/cases/parsing/context/templates/dump-file.txt: Error: No serializer registered for ModuleParseError
    console.warn lib/cache/FileCachePlugin.js:81
      Caching failed for /module//home/travis/build/webpack/webpack/test/cases/parsing/context/templates/dump-file.txt: Error: No serializer registered for ModuleParseError
    console.warn lib/cache/FileCachePlugin.js:81
      Caching failed for /module//home/travis/build/webpack/webpack/test/cases/parsing/unsupported-amd/index.js: Error: No serializer registered for UnsupportedFeatureWarning
    console.warn lib/cache/FileCachePlugin.js:81
      Caching failed for /module//home/travis/build/webpack/webpack/test/cases/parsing/unsupported-amd/index.js: Error: No serializer registered for UnsupportedFeatureWarning
PASS test/StatsTestCases.test.js (6.224s)
Test Suites: 3 passed, 3 total
Tests:       1 failed, 8 skipped, 2023 passed, 2032 total
Snapshots:   87 passed, 87 total
Time:        24.491s, estimated 30s
Ran all test suites.
Force exiting Jest
Have you considered using `--detectOpenHandles` to detect async operations that kept running after all tests finished?
Done in 26.34s.