$ rvm use 2.5 --install --binary --fuzzy
curl: (22) The requested URL returned error: 404 Not Found
Required ruby-2.5.1 is not installed - installing.
curl: (22) The requested URL returned error: 404 Not Found
Searching for binary rubies, this might take some time.
Found remote file https://rubies.travis-ci.org/ubuntu/14.04/x86_64/ruby-2.5.1.tar.bz2
Checking requirements for ubuntu.
Requirements installation successful.
ruby-2.5.1 - #configure
ruby-2.5.1 - #download
  % Total    % Received % Xferd  Average Speed   Time    Time     Time  Current
                                 Dload  Upload   Total   Spent    Left  Speed
  0     0    0     0    0     0      0      0 --:--:-- --:--:-- --:--:--     0
100 14.7M  100 14.7M    0     0  36.9M      0 --:--:-- --:--:-- --:--:--  105M
No checksum for downloaded archive, recording checksum in user configuration.
ruby-2.5.1 - #validate archive
ruby-2.5.1 - #extract
ruby-2.5.1 - #validate binary
ruby-2.5.1 - #setup
ruby-2.5.1 - #gemset created /home/travis/.rvm/gems/ruby-2.5.1@global
ruby-2.5.1 - #importing gemset /home/travis/.rvm/gemsets/global.gems...........................................
ruby-2.5.1 - #generating global wrappers........
ruby-2.5.1 - #uninstalling gem rubygems-bundler-1.4.5.
ruby-2.5.1 - #gemset created /home/travis/.rvm/gems/ruby-2.5.1
ruby-2.5.1 - #importing gemset /home/travis/.rvm/gemsets/default.gems...............
ruby-2.5.1 - #generating default wrappers........
Using /home/travis/.rvm/gems/ruby-2.5.1
$ export BUNDLE_GEMFILE=$PWD/Gemfile
cache.1
Setting up build cache
$ export CASHER_DIR=${TRAVIS_HOME}/.casher
0.06s$ Installing caching utilities
0.00s
6.02sattempting to download cache archive
fetching v3.3.0/cache-linux-trusty-c9d7dcde3e613c6c016001a00a21e1997535178aad4c02295dd45b6eb1019dfa--rvm-2.5--gemfile-Gemfile.tgz
fetching v3.3.0/cache--rvm-2.5--gemfile-Gemfile.tgz
fetching master/cache-linux-trusty-c9d7dcde3e613c6c016001a00a21e1997535178aad4c02295dd45b6eb1019dfa--rvm-2.5--gemfile-Gemfile.tgz
found cache
cache.bundler
0.00s
2.69sadding /home/travis/build/jasmine/jasmine/vendor/bundle to cache
creating directory /home/travis/build/jasmine/jasmine/vendor/bundle
ruby.versions
$ ruby --version
ruby 2.5.1p57 (2018-03-29 revision 63029) [x86_64-linux]
$ rvm --version
rvm 1.29.3 (latest) by Michal Papis, Piotr Kuczynski, Wayne E. Seguin [https://rvm.io]
$ bundle --version
Bundler version 1.16.2
$ gem --version
2.7.7
before_install.1
2.62s$ gem update --system
Latest version already installed. Done.
before_install.2
0.64s$ gem install bundler
Successfully installed bundler-1.17.0
1 gem installed
install.bundler
4.10s$ bundle install --jobs=3 --retry=3 --path=${BUNDLE_PATH:-vendor/bundle}
The git source `git://github.com/jasmine/jasmine_selenium_runner.git` uses the `git` protocol, which transmits data without encryption. Disable this warning with `bundle config git.allow_insecure true`, or switch to the `https` protocol to keep your data secure.
Fetching https://github.com/jasmine/jasmine-gem.git
Fetching git://github.com/jasmine/jasmine_selenium_runner.git
Fetching gem metadata from https://rubygems.org/........
Fetching gem metadata from https://rubygems.org/.
Resolving dependencies...
Using rake 12.3.1
Using public_suffix 3.0.3
Using git 1.5.0
Using github 0.1.1
Using multipart-post 2.0.0
Using thor 0.20.0
Using bundler 1.17.0
Using ffi 1.9.25
Using chunky_png 1.3.10
Using cmdparse 3.0.3
Using multi_json 1.13.1
Using sass 3.4.25
Using rb-fsevent 0.10.3
Using connection_pool 2.2.2
Using unf_ext 0.0.7.5
Using highline 2.0.0
Using jasmine-core 3.3.0 from source at `.`
Using phantomjs 2.1.1.0
Using rack 2.0.5
Using rubyzip 1.2.2
Using json 2.1.0
Using mime-types-data 3.2018.0812
Using net-ssh 5.0.2
Using netrc 0.11.0
Using parallel 1.12.1
Using addressable 2.5.2
Using faraday 0.15.3
Using childprocess 0.9.0
Using rb-inotify 0.9.10
Using compass-core 1.0.3
Using compass-import-once 1.0.5
Using net-http-persistent 3.0.0
Using unf 0.1.4
Using jasmine 3.2.0 from https://github.com/jasmine/jasmine-gem.git (at master@874b760)
Using mime-types 3.2.2
Using net-ssh-gateway 2.0.0
Using parallel_tests 1.3.7
Using sawyer 0.8.1
Using selenium-webdriver 3.14.1
Using compass 1.0.3
Using domain_name 0.5.20180417
Using octokit 4.13.0
Using http-cookie 1.0.3
Using anchorman 0.9.5
Using rest-client 2.0.2
Using sauce_whisk 0.0.22
Using sauce 3.7.2
Using sauce-connect 3.6.3
Using jasmine_selenium_runner 3.0.0 from git://github.com/jasmine/jasmine_selenium_runner.git (at master@5d8c706)
Bundle complete! 7 Gemfile dependencies, 49 gems now installed.
Bundled gems are installed into `./vendor/bundle`
sauce_connect.start
Starting Sauce Connect
15.28s$ travis_start_sauce_connect
Using temp dir /tmp/sc.gwQZ
/tmp/sc.gwQZ ~/build/jasmine/jasmine
Downloading Sauce Connect
Extracting Sauce Connect
Waiting for Sauce Connect readyfile
25 Oct 16:59:01 - Sauce Connect 4.5.1, build 4191 13eede5 -dirty
25 Oct 16:59:01 - Using CA certificate bundle /etc/ssl/certs/ca-certificates.crt.
25 Oct 16:59:01 - Using CA certificate verify path /etc/ssl/certs.
25 Oct 16:59:01 - Starting up; pid 5744
25 Oct 16:59:01 - Command line arguments: sc-4.5.1-linux/bin/sc -i 1853.2 -f sauce-connect-ready-18872 -l /home/travis/sauce-connect.log 
25 Oct 16:59:01 - Log file: /home/travis/sauce-connect.log
25 Oct 16:59:01 - Pid file: /tmp/sc_client-1853.2.pid
25 Oct 16:59:01 - Timezone: UTC GMT offset: 0h
25 Oct 16:59:01 - Using no proxy for connecting to Sauce Labs REST API.
25 Oct 16:59:02 - Started scproxy on port 34394.
25 Oct 16:59:02 - Please wait for 'you may start your tests' to start your tests.
25 Oct 16:59:12 - Secure remote tunnel VM provisioned.
25 Oct 16:59:12 - Tunnel ID: f338a946e7684922bd7d2f0a40b3e79d
25 Oct 16:59:12 - Using no proxy for connecting to tunnel VM.
25 Oct 16:59:12 - Starting Selenium listener...
25 Oct 16:59:12 - Establishing secure TLS connection to tunnel...
25 Oct 16:59:13 - Selenium listener started on port 4445.
25 Oct 16:59:15 - Sauce Connect is up, you may start your tests.
~/build/jasmine/jasmine
36.47s$ $TEST_COMMAND
Cloning into '/home/travis/.nvm'...
Note: checking out 'v0.33.11'.
You are in 'detached HEAD' state. You can look around, make experimental
changes and commit them, and you can discard any commits you make in this
state without impacting any branches by performing another checkout.
If you want to create a new branch to retain commits you create, you may
do so (now or later) by using -b with the checkout command again. Example:
  git checkout -b <new-branch-name>
HEAD is now at 93990ab... v0.33.11
Downloading and installing node v8.12.0...
Downloading https://nodejs.org/dist/v8.12.0/node-v8.12.0-linux-x64.tar.xz...
######################################################################## 100.0%
Computing checksum with sha256sum
Checksums matched!
Now using node v8.12.0 (npm v6.4.1)
Creating default alias: default -> v8 (-> v8.12.0)
npm WARN deprecated minimatch@0.2.14: Please update to minimatch 3.0.2 or higher to avoid a RegExp DoS issue
npm WARN deprecated minimatch@0.3.0: Please update to minimatch 3.0.2 or higher to avoid a RegExp DoS issue
> iltorb@1.3.10 install /home/travis/build/jasmine/jasmine/node_modules/iltorb
> detect-libc prebuild-install || node-gyp rebuild
> phantomjs-prebuilt@2.1.16 install /home/travis/build/jasmine/jasmine/node_modules/phantomjs-prebuilt
> node install.js
Considering PhantomJS found at /usr/local/phantomjs/bin/phantomjs
Found PhantomJS at /usr/local/phantomjs/bin/phantomjs ...verifying
Writing location.js file
PhantomJS is already installed on PATH at /usr/local/phantomjs/bin/phantomjs
npm notice created a lockfile as package-lock.json. You should commit this file.
added 472 packages from 378 contributors and audited 2157 packages in 19.033s
found 4 vulnerabilities (2 low, 2 high)
  run `npm audit fix` to fix them, or `npm audit` for details
> jasmine-core@3.3.0 test /home/travis/build/jasmine/jasmine
> grunt jshint execSpecsInNode
Running "jshint:beforeConcat" (jshint) task
>> 85 files lint free.
Running "jshint:afterConcat" (jshint) task
>> 2 files lint free.
Running "jshint:all" (jshint) task
>> 85 files lint free.
Running "execSpecsInNode" task
DEPRECATION: Setting randomizeTests directly is deprecated, please use the random option in `configure`
Randomized with seed 19719
Started
.............................................................................................****.....................*......................................................................................................................................................................................................................................................................................................................................................................................................................................................................................................................................................................................................................................................................................................................................................................................................................................
Pending:
1) JsApiReporter (integration specs) results should return nested suites as children of their parents
  No reason given
2) JsApiReporter (integration specs) results #summarizeResult_ should summarize a passing result
  No reason given
3) JsApiReporter (integration specs) results #summarizeResult_ should have a stack trace for failing specs
  No reason given
4) JsApiReporter (integration specs) results results() should return a hash of all results, indexed by spec id
  No reason given
5) AsyncExpectation #withContext prepends the context to a custom failure message from a function
  should actually work, but no custom matchers for async yet
925 specs, 0 failures, 5 pending specs
Finished in 10.582 seconds
Randomized with seed 19719 (jasmine --random=true --seed=19719)
Done.
The command "$TEST_COMMAND" exited with 0.
cache.2
store build cache
$ bundle clean
The git source `git://github.com/jasmine/jasmine_selenium_runner.git` uses the `git` protocol, which transmits data without encryption. Disable this warning with `bundle config git.allow_insecure true`, or switch to the `https` protocol to keep your data secure.
0.00s
6.56schange detected (content changed, file is created, or file is deleted):
/home/travis/build/jasmine/jasmine/vendor/bundle/ruby/2.5.0/bundler/gems/jasmine-gem-874b760d4f00/.git/index
/home/travis/build/jasmine/jasmine/vendor/bundle/ruby/2.5.0/bundler/gems/jasmine-gem-874b760d4f00/.git/logs/HEAD
/home/travis/build/jasmine/jasmine/vendor/bundle/ruby/2.5.0/bundler/gems/jasmine_selenium_runner-5d8c7062a8ad/.git/index
/home/travis/build/jasmine/jasmine/vendor/bundle/ruby/2.5.0/bundler/gems/jasmine_selenium_runner-5d8c7062a8ad/.git/logs/HEAD
changes detected, packing new archive
uploading v3.3.0/cache-linux-trusty-c9d7dcde3e613c6c016001a00a21e1997535178aad4c02295dd45b6eb1019dfa--rvm-2.5--gemfile-Gemfile.tgz
cache uploaded
sauce_connect.stop
Stopping Sauce Connect
7.02s$ travis_stop_sauce_connect
Waiting for graceful Sauce Connect shutdown (1/10)
25 Oct 16:59:58 - Got signal terminated
25 Oct 16:59:59 - Cleaning up.
25 Oct 16:59:59 - Removing tunnel f338a946e7684922bd7d2f0a40b3e79d.
25 Oct 16:59:59 - Waiting for any active jobs using this tunnel to finish.
25 Oct 16:59:59 - Press CTRL-C again to shut down immediately.
25 Oct 16:59:59 - Note: if you do this, tests that are still running will fail.
Waiting for graceful Sauce Connect shutdown (2/10)
Waiting for graceful Sauce Connect shutdown (3/10)
Waiting for graceful Sauce Connect shutdown (4/10)
Waiting for graceful Sauce Connect shutdown (5/10)
Waiting for graceful Sauce Connect shutdown (6/10)
25 Oct 17:00:04 - All jobs using the tunnel have finished.
25 Oct 17:00:04 - Waiting for the connection to terminate...
Waiting for graceful Sauce Connect shutdown (7/10)
25 Oct 17:00:05 - Connection closed (8).
25 Oct 17:00:05 - Goodbye.
Sauce Connect shutdown complete
Done. Your build exited with 0.